exports[`Test NormalAlbum Component NormalAlbum Snapshot NormalAlbum does not change UI 1`] = `
<div
  className="album"
  onClick={[Function]}>
  <div
    className="preview-album-zone">
    <img
      alt="http://airbnb.io/enzyme/docs/api/ShallowWrapper/children.html"
      className="image-preview-album"
      src="http://airbnb.io/enzyme/docs/api/ShallowWrapper/children.html" />
  </div>
  <div
    className="view-info-album-zone">
    <p
      className="name-album">
      album
    </p>
    <p
      className="amount-of-photo">
      0 photos
    </p>
  </div>
</div>
`;
