exports[`Test TaggedAlbum Component TaggedAlbum Snapshot TaggedAlbum does not change UI  1`] = `
<div
  className="tagged-album"
  onClick={[Function]}>
  <div
    className="title-tagged-album">
    <div>
      Photos you are tagged
    </div>
  </div>
  <div
    className="preview-album-zone">
     
    <img
      alt="Tagged Album"
      className="image-preview-tagged-album"
      src="http://airbnb.io/enzyme/docs/api/ShallowWrapper/children.html" />
    <img
      alt="Tagged Album"
      className="image-preview-tagged-album"
      src="http://airbnb.io/enzyme/docs/api/ShallowWrapper/children.html" />
     
  </div>
</div>
`;
